etskï¿½ï¿½ï¿½ï¿½ v3.1[0m
[0;32mIets Jul 29 2019 12:21:46

rst:0x1 (POWERON_RESET),boot:0x13 (SPI_FAST_FLASH_BOOT)
configsip: 0, SPIWP:0xee
clk_drv:0x00,q_drv:0x00,d_drv:0x00,cs0_drv:0x00,hd_drv:0x00,wp_drv:0x00
mode:DIO, clock div:2
load:0x3fff0030,len:7116
ho 0 tail 12 room 4
load:0x40078000,len:15624
ho 0 tail 12 room 4
load:0x40080400,len:4
load:0x40080404,len:3876
entry 0x4008064c
[0;32mI (33) boot: ESP-IDF v5.1.4-dirty 2nd stage bootloader[0m
[0;32mI (33) boot: compile time Jun 15 2025 21:53:59[0m
[0;32mI (33) boot: Multicore bootloader[0m
[0;32mI (38) boot: chip revision: v3.1[0m
[0;32mI (42) boot.esp32: SPI Speed      : 40MHz[0m
[0;32mI (46) boot.esp32: SPI Mode       : DIO[0m
[0;32mI (51) boot.esp32: SPI Flash Size : 2MB[0m
[0;32mI (55) boot: Enabling RNG early entropy source...[0m
[0;32mI (61) boot: Partition Table:[0m
[0;32mI (64) boot: ## Label            Usage          Type ST Offset   Length[0m
[0;32mI (72) boot:  0 nvs              WiFi data        01 02 00009000 00006000[0m
[0;32mI (79) boot:  1 phy_init         RF data          01 01 0000f000 00001000[0m
[0;32mI (86) boot:  2 factory          factory app      00 00 00010000 00100000[0m
[0;32mI (94) boot: End of partition table[0m
[0;32mI (98) esp_image: segment 0: paddr=00010020 vaddr=3f400020 size=0a320h ( 41760) map[0m
[0;32mI (122) esp_image: segment 1: paddr=0001a348 vaddr=3ffb0000 size=02160h (  8544) load[0m
[0;32mI (125) esp_image: segment 2: paddr=0001c4b0 vaddr=40080000 size=03b68h ( 15208) load[0m
[0;32mI (134) esp_image: segment 3: paddr=00020020 vaddr=400d0020 size=20154h (131412) map[0m
[0;32mI (183) esp_image: segment 4: paddr=0004017c vaddr=40083b68 size=0854ch ( 34124) load[0m
[0;32mI (204) boot: Loaded app from partition at offset 0x10000[0m
[0;32mI (204) boot: Disabling RNG early entropy source...[0m
[0;32mI (216) cpu_start: Multicore app[0m
[0;32mI (216) cpu_start: Pro cpu up.[0m
[0;32mI (216) cpu_start: Starting app cpu, entry point is 0x400810f4[0m
[0;32mI (0) cpu_start: App cpu up.[0m
[0;32mI (234) cpu_start: Pro cpu start user code[0m
[0;32mI (234) cpu_start: cpu freq: 160000000 Hz[0m
[0;32mI (234) cpu_start: Application information:[0m
[0;32mI (239) cpu_start: Project name:     keypad[0m
[0;32mI (244) cpu_start: App version:      bc71575-dirty[0m
[0;32mI (249) cpu_start: Compile time:     Jun 15 2025 21:53:35[0m
[0;32mI (255) cpu_start: ELF file SHA256:  0d2dd9a9cf5e3d89...[0m
[0;32mI (261) cpu_start: ESP-IDF:          v5.1.4-dirty[0m
[0;32mI (266) cpu_start: Min chip rev:     v0.0[0m
[0;32mI (271) cpu_start: Max chip rev:     v3.99 [0m
[0;32mI (276) cpu_start: Chip rev:         v3.1[0m
[0;32mI (281) heap_init: Initializing. RAM available for dynamic allocation:[0m
[0;32mI (288) heap_init: At 3FFAE6E0 len 00001920 (6 KiB): DRAM[0m
[0;32mI (294) heap_init: At 3FFB2B50 len 0002D4B0 (181 KiB): DRAM[0m
[0;32mI (300) heap_init: At 3FFE0440 len 00003AE0 (14 KiB): D/IRAM[0m
[0;32mI (307) heap_init: At 3FFE4350 len 0001BCB0 (111 KiB): D/IRAM[0m
[0;32mI (313) heap_init: At 4008C0B4 len 00013F4C (79 KiB): IRAM[0m
[0;32mI (321) spi_flash: detected chip: generic[0m
[0;32mI (324) spi_flash: flash io: dio[0m
[0;33mW (328) spi_flash: Detected size(4096k) larger than the size in the binary image header(2048k). Using the size in the binary image header.[0m
[0;32mI (341) app_start: Starting scheduler on CPU0[0m
[0;32mI (346) app_start: Starting scheduler on CPU1[0m
[0;32mI (346) main_task: Started on CPU0[0m
[0;32mI (356) main_task: Calling app_main()[0m
[0;32mI (356) gpio: GPIO[12]| InputEn: 0| OutputEn: 1| OpenDrain: 0| Pullup: 0| Pulldown: 0| Intr:0 [0m
[0;32mI (366) gpio: GPIO[13]| InputEn: 0| OutputEn: 1| OpenDrain: 0| Pullup: 0| Pulldown: 0| Intr:0 [0m
[0;32mI (376) gpio: GPIO[14]| InputEn: 0| OutputEn: 1| OpenDrain: 0| Pullup: 0| Pulldown: 0| Intr:0 [0m
[0;32mI (386) gpio: GPIO[27]| InputEn: 0| OutputEn: 1| OpenDrain: 0| Pullup: 0| Pulldown: 0| Intr:0 [0m
[0;32mI (396) gpio: GPIO[25]| InputEn: 1| OutputEn: 0| OpenDrain: 0| Pullup: 1| Pulldown: 0| Intr:0 [0m
[0;32mI (396) gpio: GPIO[26]| InputEn: 1| OutputEn: 0| OpenDrain: 0| Pullup: 1| Pulldown: 0| Intr:0 [0m
[0;32mI (406) gpio: GPIO[32]| InputEn: 1| OutputEn: 0| OpenDrain: 0| Pullup: 1| Pulldown: 0| Intr:0 [0m
[0;32mI (416) gpio: GPIO[33]| InputEn: 1| OutputEn: 0| OpenDrain: 0| Pullup: 1| Pulldown: 0| Intr:0 [0m
Advanced Calculator Ready!
Expression: *
Expression: **
Expression: 
Expression: [0,0](
Expression: [0,0](
Expression: [0,0](
Expression: [0,0](
Expression: [0,0](sin(
Expression: [0,0](sin(*
Expression: [0,0](sin(**
Expression: [0,0](sin(
Expression: [0,0](sin(x
Expression: [0,0](sin(x
Expression: [0,0](sin(x
Expression: [0,0](sin(x
Expression: [0,0](sin(x)
Expression: [0,0](sin(x).
Expression: [0,0](sin(x).
Expression: [0,0](sin(x)
Expression: [0,0](sin(x))
Expression: [0,0](sin(x))*
Expression: [0,0](sin(x))**
Expression: [0,0](sin(x))
Expression: [0,0](sin(x))
Expression: [0,0](sin(x))
Expression: [0,0](sin(x))
Expression: [0,0](sin(x))
Expression: [0,0](sin(x))
Expression: [0,0](sin(x))
Expression: [0,0](sin(x))
Expression: [0,0](sin(x))
Expression: [0,0](sin(x))
Expression: [0,](sin(x))
Expression: [0,](sin(x))
Expression: [0,](sin(x))
Expression: [0,](sin(x))
Expression: [0,](sin(x))
Expression: [0,1](sin(x))
Expression: [0,1](sin(x))
Result: 0.0087264
Error Estimate: R: 0
Expression: 0.0087264*
Expression: 0.0087264**
Expression: 0.0087264**/
Expression: 0.0087264**//
Cleared
Expression: 
Expression: *
Expression: **
Expression: 
Expression: [0,1](sin(x))
Expression: [0,1](sin(x))
Expression: [0,1](sin(x))
Expression: [0,1](sin(x))
Expression: [0,1](sin(x))
Expression: [0,1](sin(x))
Expression: [0,1](sinx))
Expression: [0,1](six))
Expression: [0,1](sx))
Expression: [0,1](x))
Expression: [0,1](x))
Expression: [0,1](x))
Expression: [0,1](x))
Expression: [0,1](x))s_(
Expression: [0,1](x))s_(4
Expression: [0,1](x))s_(4*
Expression: [0,1](x))s_(4**
Expression: [0,1](x))s_(4
Expression: [0,1](x))s_(
Expression: [0,1](x))s_(
Expression: [0,1](x))s_(
Expression: [0,1](x))s_(
Expression: [0,1](x)s_(
Expression: [0,1](xs_(
Expression: [0,1](s_(
Expression: [0,1](s_(
Expression: [0,1](s_(
Expression: [0,1](s_(
Expression: [0,1](s_(x
Expression: [0,1](s_(x
Expression: [0,1](s_(x
Expression: [0,1](s_(x
Expression: [0,1](s_(x)
Expression: [0,1](s_(x).
Expression: [0,1](s_(x).
Expression: [0,1](s_(x)
Expression: [0,1](s_(x))
Expression: [0,1](s_(x))
Result: 0.4596939
Error Estimate: R: 0.0000029
